file structure:


Create Table Review(
    R_Id Number(5) Primary Key,
    R_Date Date,
    S_ProdFeature Varchar2(15) NOT NULL,
    S_ProdPrice Varchar2(15) NOT NULL,
    M_Rating Number(10) NOT NULL,
    R_Comment Varchar2(15) NOT NULL);

Table created.

SQL> CREATE INDEX REVIEW$RATING ON Review(M_Rating);

Index created.

//Create Table Customer(
  2  Cust_Id  Number(5),
  3  Cust_Type Varchar2(15),
  4  Cust_Name Varchar2(15),
  5  Cust_Address Varchar2(15),
  6  Cust_PH Number(10),
  7  Cust_Email Varchar2(15),
  9  Cust_License Number(20) )
 10  CLUSTER Custom(Cust_Id)
CREATE TABLE Give(
Cust_Id Number(5),
R_Id Number(5),
Primary Key(Cust_Id,R_Id),
FOREIGN KEY(Cust_Id) REFERENCES Customer(Cust_Id),
 16  FOREIGN KEY(R_Id) REFERENCES Review(R_Id))
 17  CLUSTER Custom(Cust_Id)
 18  CREATE INDEX Cst ON CLUSTER

//
Create Table Customer(
Cust_Id  Number(5) Primary Key,
Cust_Type Varchar2(15) NOT NULL,
Cust_Name Varchar2(15) NOT NULL,
Cust_Address Varchar2(15) NOT NULL,
Cust_PH Number(10) NOT NULL,
Cust_Email Varchar2(15) NOT NULL,
Cust_License Number(20) NOT NULL)
 10  CLUSTER Custom(Cust_Id)
CREATE TABLE Give(
Cust_Id Number(5) NOT NULL,
R_Id Number(5) NOT NULL,
Primary Key(Cust_Id,R_Id),
FOREIGN KEY(Cust_Id) REFERENCES Customer(Cust_Id),
 16  FOREIGN KEY(R_Id) REFERENCES Review(R_Id))
 17  CLUSTER Custom(Cust_Id)
 18  CREATE INDEX Cst ON CLUSTER

//
Create Table Give(
Cust_Id Number(5) NOT NULL,
R_Id Number(5) NOT NULL,
Primary Key(Cust_Id,R_Id),
FOREIGN KEY(Cust_Id) REFERENCES Customer(Cust_Id),
FOREIGN KEY(R_Id) REFERENCES Review(R_Id))
///////////////////////////////////////////////////////////



new
SQL> CREATE CLUSTER Customer(Cust);

SQL> CREATE CLUSTER Customer(Cust)
Create Table Customer(
  2  Cust_Id  Number(5) Primary Key,
  3  Cust_Type Varchar2(15) NOT NULL,
  4  Cust_Name Varchar2(15) NOT NULL,
  5  Cust_Address Varchar2(15) NOT NULL,
  6  Cust_PH Number(10) NOT NULL,
  7  Cust_Email Varchar2(15) NOT NULL,
  9
SQL> CREATE CLUSTER Customer(Cust_Id)
  2  Create Table Customer(
  2  Cust_Id  Number(5) Primary Key,
  3  Cust_Type Varchar2(15) NOT NULL,
  4  Cust_Name Varchar2(15) NOT NULL,
  5  Cust_Address Varchar2(15) NOT NULL,
  6  Cust_PH Number(10) NOT NULL,
  7  Cust_Email Varchar2(15) NOT NULL,
  9  Cust_License Number(20) NOT NULL)
 10
SQL> CREATE CLUSTER Custom(Cust_Id)
Create Table Customer(
  2  Cust_Id  Number(5) Primary Key,
  3  Cust_Type Varchar2(15) NOT NULL,
  4  Cust_Name Varchar2(15) NOT NULL,
  5  Cust_Address Varchar2(15) NOT NULL,
  6  Cust_PH Number(10) NOT NULL,
  7  Cust_Email Varchar2(15) NOT NULL,
  9  Cust_License Number(20) NOT NULL)
 10  CLUSTER custom(Cust_Id)
 11  CREATE TABLE Give
(Cust_Id Number(5) NOT NULL,
R_Id Number(5) NOT NULL,
Primary Key(Cust_Id,R_Id),
FOREIGN KEY(Cust_Id) REFERENCES Customer(Cust_Id),
 16  FOREIGN KEY(R_Id) REFERENCES Review(R_Id))
 17
SQL> CREATE CLUSTER Custom(Cust_Id)
Create Table Customer(
  2  Cust_Id  Number(5) Primary Key,
  3  Cust_Type Varchar2(15) NOT NULL,
  4  Cust_Name Varchar2(15) NOT NULL,
  5  Cust_Address Varchar2(15) NOT NULL,
  6  Cust_PH Number(10) NOT NULL,
  7  Cust_Email Varchar2(15) NOT NULL,
  9  Cust_License Number(20) NOT NULL)
 10  CLUSTER Custom(Cust_Id)
CREATE TABLE Give(
Cust_Id Number(5) NOT NULL,
R_Id Number(5) NOT NULL,
Primary Key(Cust_Id,R_Id),
FOREIGN KEY(Cust_Id) REFERENCES Customer(Cust_Id),
 16  FOREIGN KEY(R_Id) REFERENCES Review(R_Id))
 17  CLUSTER Custom(Cust_Id)
 18  CREATE INDEX Cst ON CLUSTER Custom;
CREATE CLUSTER Custom(Cust_Id)
                             *
ERROR at line 1:
ORA-00902: invalid datatype


Create Table Review(
    R_Id Number(5) Primary Key,
    R_Date Date,
    S_ProdFeature Varchar2(15) NOT NULL,
    S_ProdPrice Varchar2(15) NOT NULL,
    M_Rating Number(10) NOT NULL,
  7  R_Comment Varchar2(15) NOT NULL);

Table created.

SQL> CREATE INDEX REVIEW$RATING ON Review(M_Rating);

Index created.

SQL> CREATE CLUSTER Custom(Cust_Id)

SQL> CREATE CLUSTER Custom(Cust_Id)
  2  Create Table Customer(
  2  Cust_Id  Number(5) Primary Key,
  3  Cust_Type Varchar2(15) NOT NULL,
  4  Cust_Name Varchar2(15) NOT NULL,
  5  Cust_Address Varchar2(15) NOT NULL,
  6  Cust_PH Number(10) NOT NULL,
  7  Cust_Email Varchar2(15) NOT NULL,
  9  Cust_License Number(20) NOT NULL)
 10  CLUSTER Custom(Cust_Id)
CREATE TABLE Give(
Cust_Id Number(5) NOT NULL,
R_Id Number(5) NOT NULL,
Primary Key(Cust_Id,R_Id),
FOREIGN KEY(Cust_Id) REFERENCES Customer(Cust_Id),
 16  FOREIGN KEY(R_Id) REFERENCES Review(R_Id))
 17  CLUSTER Custom(Cust_Id)
 18
SQL> CREATE CLUSTER Custom(Cust_Id Number(5))
Create Table Customer(
  2  Cust_Id  Number(5) Primary Key,
  3  Cust_Type Varchar2(15) NOT NULL,
  4  Cust_Name Varchar2(15) NOT NULL,
  5  Cust_Address Varchar2(15) NOT NULL,
  6  Cust_PH Number(10) NOT NULL,
  7  Cust_Email Varchar2(15) NOT NULL,
  9  Cust_License Number(20) NOT NULL)
 10  CLUSTER Custom(Cust_Id)
CREATE TABLE Give(
Cust_Id Number(5) NOT NULL,
R_Id Number(5) NOT NULL,
Primary Key(Cust_Id,R_Id),
FOREIGN KEY(Cust_Id) REFERENCES Customer(Cust_Id),
 16  FOREIGN KEY(R_Id) REFERENCES Review(R_Id))
 17  CLUSTER Custom(Cust_Id)
 18   18  CREATE INDEX Cst ON CLUSTER Custom;
Create Table Customer(
*
ERROR at line 2:
ORA-00922: missing or invalid option


SQL> DROP CLUSTER Custom;
DROP CLUSTER Custom
*
ERROR at line 1:
ORA-00943: cluster does not exist


SQL> CREATE CLUSTER Custom(Cust_Id Number(5));

Cluster created.

SQL> Create Table Customer(
  2  Cust_Id  Number(5) Primary Key,
  3  Cust_Type Varchar2(15) NOT NULL,
  4  Cust_Name Varchar2(15) NOT NULL,
  5  Cust_Address Varchar2(15) NOT NULL,
  6  Cust_PH Number(10) NOT NULL,
  7  Cust_Email Varchar2(15) NOT NULL,
  9  Cust_License Number(20) NOT NULL)
 10  CLUSTER Custom(Cust_Id)
CREATE TABLE Give(
Cust_Id Number(5) NOT NULL,
R_Id Number(5) NOT NULL,
Primary Key(Cust_Id,R_Id),
FOREIGN KEY(Cust_Id) REFERENCES Customer(Cust_Id),
 16  FOREIGN KEY(R_Id) REFERENCES Review(R_Id))
 17  CLUSTER Custom(Cust_Id)
 17
Create Table Customer(
  2  Cust_Id  Number(5) Primary Key,
  3  Cust_Type Varchar2(15) NOT NULL,
  4  Cust_Name Varchar2(15) NOT NULL,
  5  Cust_Address Varchar2(15) NOT NULL,
  6  Cust_PH Number(10) NOT NULL,
  7  Cust_Email Varchar2(15) NOT NULL,
  9  Cust_License Number(20) NOT NULL)
  9   10  CLUSTER Custom(Cust_Id);
  2  Cust_Id  Number(5) Primary Key,
  *
ERROR at line 2:
ORA-00904: : invalid identifier


SQL> DROP TABLE Customer;
DROP TABLE Customer
           *
ERROR at line 1:
ORA-00942: table or view does not exist


SQL> Create Table Customer(
  2  Cust_Id  Number(5) Primary Key,
  3  Cust_Type Varchar2(15) NOT NULL,
  4  Cust_Name Varchar2(15) NOT NULL,
  5  Cust_Address Varchar2(15) NOT NULL,
  6  Cust_PH Number(10) NOT NULL,
  7  Cust_Email Varchar2(15) NOT NULL,
  8  Cust_License Number(20) NOT NULL);
  2  Cust_Id  Number(5) Primary Key,
  *
ERROR at line 2:
ORA-00904: : invalid identifier


Create Table Customer(
Cust_Id  Number(5) Primary Key,
Cust_Type Varchar2(15) NOT NULL,
Cust_Name Varchar2(15) NOT NULL,
Cust_Address Varchar2(15) NOT NULL,
Cust_PH Number(10) NOT NULL,
Cust_Email Varchar2(15) NOT NULL,
Cust_License Number(20) NOT NULL);

Table created.

SQL> drop table Customer;

Table dropped.

Create Table Customer(
Cust_Id  Number(5) Primary Key,
Cust_Type Varchar2(15) NOT NULL,
Cust_Name Varchar2(15) NOT NULL,
Cust_Address Varchar2(15) NOT NULL,
Cust_PH Number(10) NOT NULL,
Cust_Email Varchar2(15) NOT NULL,
Cust_License Number(20) NOT NULL)
CLUSTER Custom(Cust_ID);
	
Table created.

Create Table Give(
Cust_Id Number(5) NOT NULL,
R_Id Number(5) NOT NULL,
Primary Key(Cust_Id,R_Id),
FOREIGN KEY(Cust_Id) REFERENCES Customer(Cust_Id),
FOREIGN KEY(R_Id) REFERENCES Review(R_Id));

Table created.

SQL> DROP TABLE Give;

Table dropped.

Create Table Give(
Cust_Id Number(5) NOT NULL,
R_Id Number(5) NOT NULL,
Primary Key(Cust_Id,R_Id),
FOREIGN KEY(Cust_Id) REFERENCES Customer(Cust_Id),
  6  FOREIGN KEY(R_Id) REFERENCES Review(R_Id))
  7  CLUSTER Custom(Cust_Id)
  8  CREATE INDEX idCust ON CLUSTER Custom;
CREATE INDEX idCust ON CLUSTER Custom
*
ERROR at line 8:
ORA-00922: missing or invalid option


Create Table Give(
Cust_Id Number(5) NOT NULL,
R_Id Number(5) NOT NULL,
Primary Key(Cust_Id,R_Id),
FOREIGN KEY(Cust_Id) REFERENCES Customer(Cust_Id),
  6  FOREIGN KEY(R_Id) REFERENCES Review(R_Id))
  7  CLUSTER Custom(Cust_Id)
  8  CREATE INDEX idCust ON CLUSTER custom;
CREATE INDEX idCust ON CLUSTER custom
*
ERROR at line 8:
ORA-00922: missing or invalid option


Create Table Give(
Cust_Id Number(5) NOT NULL,
R_Id Number(5) NOT NULL,
Primary Key(Cust_Id,R_Id),
FOREIGN KEY(Cust_Id) REFERENCES Customer(Cust_Id),
FOREIGN KEY(R_Id) REFERENCES Review(R_Id))
CLUSTER Custom(Cust_Id);

Table created.

SQL> CREATE INDEX idCust ON CLUSTER Custom;

Index created.

SQL> CREATE CLUSTER Third (Comp_Name VARCHAR2(15))
     SIZE 512 SINGLE TABLE HASHKEYS 2000;

Cluster created.

  FOREIGN KEY(Prod_Id) REFERENCES Product(Prod_Id),
Create Table ThirdParty(
  Comp_Name Varchar2(15) NOT NULL,
  Prod_Id Number(5) NOT NULL,
  Positive_Comm Varchar2(15) NOT NULL,
  Negative_Comm Varchar2(15) NOT NULL ,
  T_Rating Varchar2(15) NOT NULL,
  Primary Key(Comp_Name,Prod_Id),
  FOREIGN KEY(Prod_Id) REFERENCES Product(Prod_Id),
  9    FOREIGN KEY(Comp_Name) REFERENCES Company(Comp_Name))
 10  CLUSTER Third(Comp_Name)
 11
SQL> Create Table ThirdParty(
  Comp_Name Varchar2(15) NOT NULL,
  Prod_Id Number(5) NOT NULL,
  Positive_Comm Varchar2(15) NOT NULL,
  Negative_Comm Varchar2(15) NOT NULL ,
  T_Rating Varchar2(15) NOT NULL,
  Primary Key(Comp_Name,Prod_Id),
  FOREIGN KEY(Prod_Id) REFERENCES Product(Prod_Id),
  9    FOREIGN KEY(Comp_Name) REFERENCES Company(Comp_Name))
 10  CLUSTER Third (Comp_Name);
  FOREIGN KEY(Comp_Name) REFERENCES Company(Comp_Name))
                                    *
ERROR at line 9:
ORA-00942: table or view does not exist


Create Table Company(
    Comp_Id Number(5) NOT NULL,
    Comp_Name Varchar2(15) Primary Key,
    Comp_Add Varchar2(15) NOT NULL);

Table created.

SQL>  Create Table ThirdParty(
  Comp_Name Varchar2(15) NOT NULL,
  Prod_Id Number(5) NOT NULL,
  Positive_Comm Varchar2(15) NOT NULL,
  Negative_Comm Varchar2(15) NOT NULL ,
  T_Rating Varchar2(15) NOT NULL,
  Primary Key(Comp_Name,Prod_Id),
  FOREIGN KEY(Prod_Id) REFERENCES Product(Prod_Id),
  FOREIGN KEY(Comp_Name) REFERENCES Company(Comp_Name))
  CLUSTER Third (Comp_Name);

Table created.


//Create Table Buy(
Cust_Id Number(5) ,
Prod_Id Number(5) ,
B_OrderDate Date NOT NULL ,
FOREIGN KEY(Cust_Id) REFERENCES Customer(Cust_Id),
FOREIGN KEY(Prod_Id) REFERENCES Product(Prod_Id),
Primary Key(Cust_Id,Prod_Id))

//
review
Create Table Review(
    R_Id Number(5) Primary Key,
    R_Date Date,
    S_ProdFeature Varchar2(15) NOT NULL,
    S_ProdPrice Varchar2(15) NOT NULL,
    M_Rating Number(10) NOT NULL,
    R_Comment Varchar2(15) NOT NULL)

//
Create Table Product(
   Prod_Id Number(5) Primary Key,
   Prod_Name Varchar2(15) NOT NULL,
  Prod_F Varchar2(15) NOT NULL,
   Prod_S Varchar2(15) NOT NULL,
   Prod_ReleaseDate Date)

Create Table CompanyHasProduct(
  Comp_Name Varchar2(15) NOT NULL,
  Prod_Id Number(5) NOT NULL,
  Prod_Desc Varchar2(20) NOT NULL,
  FOREIGN KEY(Comp_Name) REFERENCES Company(Comp_Name),
  FOREIGN KEY(Prod_Id) REFERENCES Product(Prod_Id),
  Primary Key(Comp_Name,Prod_Id))

Create Table CompanyHasProduct(
  Comp_Name Varchar2(15) NOT NULL,
  Prod_Id Number(5) NOT NULL,
  Prod_Desc Varchar2(20) NOT NULL,
  FOREIGN KEY(Comp_Name) REFERENCES Company(Comp_Name),
  FOREIGN KEY(Prod_Id) REFERENCES Product(Prod_Id),
   Primary Key(Comp_Name,Prod_Id));
  


